[     790ms] [INFO] %cDownload the React DevTools for a better development experience: https://react.dev/link/react-devtools font-weight:bold @ http://localhost:5173/node_modules/.vite/deps/react-dom_client.js?v=8fd2e094:20102
[     855ms] [WARNING] Module "buffer" has been externalized for browser compatibility. Cannot access "buffer.Buffer" in client code. See https://vite.dev/guide/troubleshooting.html#module-externalized-for-browser-compatibility for more details. @ http://localhost:5173/node_modules/.vite/deps/chunk-M5ITTEFL.js?v=8fd2e094:13
[     898ms] [WARNING] Module "buffer" has been externalized for browser compatibility. Cannot access "buffer.Buffer" in client code. See https://vite.dev/guide/troubleshooting.html#module-externalized-for-browser-compatibility for more details. @ http://localhost:5173/node_modules/.vite/deps/chunk-M5ITTEFL.js?v=8fd2e094:13
[     942ms] [WARNING] Lit is in dev mode. Not recommended for production! See https://lit.dev/msg/dev-mode for more information. @ http://localhost:5173/node_modules/.vite/deps/chunk-3B7LI3Q6.js?v=8fd2e094:22
[    1065ms] [LOG] %c[Vercel Web Analytics]%c Debug mode is enabled by default in development. No requests will be sent to the server. color: rgb(120, 120, 120) color: inherit @ https://va.vercel-scripts.com/v1/script.debug.js:0
[    1066ms] [LOG] %c[Vercel Web Analytics]%c [view] http://localhost:5173/app/explore color: rgb(120, 120, 120) color: inherit {o: http://localhost:5173/app/explore, sv: 0.1.3, sdkn: @vercel/analytics/react, sdkv: 1.6.1, ts: 1788478479387} /_vercel/insights/view @ https://va.vercel-scripts.com/v1/script.debug.js:0
[    1415ms] [ERROR] In HTML, %s cannot be a descendant of <%s>.
This will cause a hydration error.%s <button> button 

  ...
    <MatchImpl matchId="/app/explo...">
      <SafeFragment>
        <SafeFragment fallback={null}>
          <SafeFragment getResetKey={function getResetKey} errorComponent={function ErrorComponent} ...>
            <SafeFragment fallback={function fallback}>
              <MatchInnerImpl matchId="/app/explo...">
                <Lazy>
                  <ExploreUsers>
                    <DefaultDashboard title="Explore de...">
                      <div className="min-h-dvh ...">
                        <AppRail>
                        <div className="min-w-0 fl...">
                          <DashboardHeader>
                          <main className="mx-auto w-...">
                            <div className="mx-auto mb...">
                              <WorkspaceNotice>
                              <ModalLayout title="Add a wall..." trigger={<Button>}>
>                               <button type="button" className="contents" onClick={function onClick}>
                                  <Button type="button">
>                                   <button
>                                     data-slot="button"
>                                     data-variant="default"
>                                     data-size="default"
>                                     className={"group/button inline-flex cursor-pointer items-center justify-center..."}
>                                     type="button"
>                                   >
                                ...
                            ...
                        ...
 @ http://localhost:5173/node_modules/.vite/deps/react-dom_client.js?v=8fd2e094:2155
[    1415ms] [ERROR] <%s> cannot contain a nested %s.
See this log for the ancestor stack trace. button <button> @ http://localhost:5173/node_modules/.vite/deps/react-dom_client.js?v=8fd2e094:2162
[    3173ms] [ERROR] Failed to load resource: the server responded with a status of 401 (Unauthorized) @ http://localhost:3000/trpc/account.notifications.list?batch=1&input=%7B%7D:0
[    5180ms] [ERROR] Failed to load resource: the server responded with a status of 401 (Unauthorized) @ http://localhost:3000/trpc/account.notifications.list?batch=1&input=%7B%7D:0
[    9186ms] [ERROR] Failed to load resource: the server responded with a status of 401 (Unauthorized) @ http://localhost:3000/trpc/account.notifications.list?batch=1&input=%7B%7D:0
[   10724ms] [LOG] %c[Vercel Web Analytics]%c [view] http://localhost:5173/app/bounties color: rgb(120, 120, 120) color: inherit {o: http://localhost:5173/app/bounties, sv: 0.1.3, sdkn: @vercel/analytics/react, sdkv: 1.6.1, ts: 1788478489045} /_vercel/insights/view @ https://va.vercel-scripts.com/v1/script.debug.js:0
[   11811ms] [ERROR] Failed to load resource: the server responded with a status of 401 (Unauthorized) @ http://localhost:3000/trpc/account.notifications.list?batch=1&input=%7B%7D:0
[   13722ms] [LOG] %c[Vercel Web Analytics]%c [view] http://localhost:5173/app color: rgb(120, 120, 120) color: inherit {o: http://localhost:5173/app, sv: 0.1.3, sdkn: @vercel/analytics/react, sdkv: 1.6.1, ts: 1788478492043} /_vercel/insights/view @ https://va.vercel-scripts.com/v1/script.debug.js:0
[   13806ms] [ERROR] Failed to load resource: the server responded with a status of 401 (Unauthorized) @ http://localhost:3000/trpc/account.analytics.summary,transactions.tippers,account.sponsorshipTiers.list,account.gatedContent.list,transactions.list,transactions.tippers,transactions.list?batch=1&input=%7B%7D:0
[   13806ms] [ERROR] Error fetching transactions: TRPCClientError: Unauthorized
    at TRPCClientError2.from (http://localhost:5173/node_modules/.vite/deps/@trpc_client.js?v=8fd2e094:2057:44)
    at http://localhost:5173/node_modules/.vite/deps/@trpc_client.js?v=8fd2e094:2454:44 @ http://localhost:5173/src/components/tables/transactionTable.tsx:58
[   13807ms] [ERROR] Error fetching transactions: TRPCClientError: Unauthorized
    at TRPCClientError2.from (http://localhost:5173/node_modules/.vite/deps/@trpc_client.js?v=8fd2e094:2057:44)
    at http://localhost:5173/node_modules/.vite/deps/@trpc_client.js?v=8fd2e094:2454:44 @ http://localhost:5173/src/components/tables/transactionTable.tsx:58
[   13815ms] [ERROR] Failed to load resource: the server responded with a status of 401 (Unauthorized) @ http://localhost:3000/trpc/account.notifications.list?batch=1&input=%7B%7D:0
[   14812ms] [ERROR] Failed to load resource: the server responded with a status of 401 (Unauthorized) @ http://localhost:3000/trpc/account.analytics.summary,transactions.tippers,account.sponsorshipTiers.list,account.gatedContent.list?batch=1&input=%7B%7D:0
[   14814ms] [ERROR] Failed to load resource: the server responded with a status of 401 (Unauthorized) @ http://localhost:3000/trpc/transactions.tippers?batch=1&input=%7B%7D:0
[   16821ms] [ERROR] Failed to load resource: the server responded with a status of 401 (Unauthorized) @ http://localhost:3000/trpc/account.analytics.summary,transactions.tippers,account.sponsorshipTiers.list,account.gatedContent.list?batch=1&input=%7B%7D:0
[   16822ms] [ERROR] Failed to load resource: the server responded with a status of 401 (Unauthorized) @ http://localhost:3000/trpc/transactions.tippers?batch=1&input=%7B%7D:0
[   17821ms] [ERROR] Failed to load resource: the server responded with a status of 401 (Unauthorized) @ http://localhost:3000/trpc/account.notifications.list?batch=1&input=%7B%7D:0
[   20829ms] [ERROR] Failed to load resource: the server responded with a status of 401 (Unauthorized) @ http://localhost:3000/trpc/account.analytics.summary,transactions.tippers,account.sponsorshipTiers.list,account.gatedContent.list?batch=1&input=%7B%7D:0
[   20839ms] [ERROR] Failed to load resource: the server responded with a status of 401 (Unauthorized) @ http://localhost:3000/trpc/transactions.tippers?batch=1&input=%7B%7D:0
[ 3916218ms] [LOG] [vite] server connection lost. Polling for restart... @ http://localhost:5173/@vite/client:963
[ 3916648ms] [INFO] %cDownload the React DevTools for a better development experience: https://react.dev/link/react-devtools font-weight:bold @ http://localhost:5173/node_modules/.vite/deps/react-dom_client.js?v=8fd2e094:20102
[ 3916672ms] [WARNING] Module "buffer" has been externalized for browser compatibility. Cannot access "buffer.Buffer" in client code. See https://vite.dev/guide/troubleshooting.html#module-externalized-for-browser-compatibility for more details. @ http://localhost:5173/node_modules/.vite/deps/chunk-M5ITTEFL.js?v=8fd2e094:13
[ 3916683ms] [WARNING] Module "buffer" has been externalized for browser compatibility. Cannot access "buffer.Buffer" in client code. See https://vite.dev/guide/troubleshooting.html#module-externalized-for-browser-compatibility for more details. @ http://localhost:5173/node_modules/.vite/deps/chunk-M5ITTEFL.js?v=8fd2e094:13
[ 3916700ms] [WARNING] Lit is in dev mode. Not recommended for production! See https://lit.dev/msg/dev-mode for more information. @ http://localhost:5173/node_modules/.vite/deps/chunk-3B7LI3Q6.js?v=8fd2e094:22
[ 3916737ms] [LOG] %c[Vercel Web Analytics]%c Debug mode is enabled by default in development. No requests will be sent to the server. color: rgb(120, 120, 120) color: inherit @ https://va.vercel-scripts.com/v1/script.debug.js:0
[ 3916737ms] [LOG] %c[Vercel Web Analytics]%c [view] http://localhost:5173/app color: rgb(120, 120, 120) color: inherit {o: http://localhost:5173/app, sv: 0.1.3, sdkn: @vercel/analytics/react, sdkv: 1.6.1, ts: 1788482395059} /_vercel/insights/view @ https://va.vercel-scripts.com/v1/script.debug.js:0
[ 3916897ms] [ERROR] In HTML, %s cannot be a descendant of <%s>.
This will cause a hydration error.%s <button> button 

  ...
    <MatchImpl matchId="/app//app/">
      <SafeFragment>
        <SafeFragment fallback={null}>
          <SafeFragment getResetKey={function getResetKey} errorComponent={function ErrorComponent} ...>
            <SafeFragment fallback={function fallback}>
              <MatchInnerImpl matchId="/app//app/">
                <Lazy>
                  <IndexDashboardPage>
                    <DefaultDashboard title="Welcome, t...">
                      <div className="min-h-dvh ...">
                        <AppRail>
                        <div className="min-w-0 fl...">
                          <DashboardHeader>
                          <main className="mx-auto w-...">
                            <div className="mx-auto mb...">
                              <WorkspaceNotice>
                              <ModalLayout title="Add a wall..." trigger={<Button>}>
>                               <button type="button" className="contents" onClick={function onClick}>
                                  <Button type="button">
>                                   <button
>                                     data-slot="button"
>                                     data-variant="default"
>                                     data-size="default"
>                                     className={"group/button inline-flex cursor-pointer items-center justify-center..."}
>                                     type="button"
>                                   >
                                ...
                            ...
                        ...
 @ http://localhost:5173/node_modules/.vite/deps/react-dom_client.js?v=8fd2e094:2155
[ 3916897ms] [ERROR] <%s> cannot contain a nested %s.
See this log for the ancestor stack trace. button <button> @ http://localhost:5173/node_modules/.vite/deps/react-dom_client.js?v=8fd2e094:2162
[ 3917099ms] [ERROR] Failed to load resource: the server responded with a status of 401 (Unauthorized) @ http://localhost:3000/trpc/account.notifications.list,account.analytics.summary,transactions.tippers,account.sponsorshipTiers.list,account.gatedContent.list,transactions.list,transactions.tippers,transactions.list?batch=1&input=%7B%7D:0
[ 3917100ms] [ERROR] Error fetching transactions: TRPCClientError: Unauthorized
    at TRPCClientError2.from (http://localhost:5173/node_modules/.vite/deps/@trpc_client.js?v=8fd2e094:2057:44)
    at http://localhost:5173/node_modules/.vite/deps/@trpc_client.js?v=8fd2e094:2454:44 @ http://localhost:5173/src/components/tables/transactionTable.tsx:58
[ 3917100ms] [ERROR] Error fetching transactions: TRPCClientError: Unauthorized
    at TRPCClientError2.from (http://localhost:5173/node_modules/.vite/deps/@trpc_client.js?v=8fd2e094:2057:44)
    at http://localhost:5173/node_modules/.vite/deps/@trpc_client.js?v=8fd2e094:2454:44 @ http://localhost:5173/src/components/tables/transactionTable.tsx:58
[ 3918120ms] [ERROR] Failed to load resource: the server responded with a status of 401 (Unauthorized) @ http://localhost:3000/trpc/account.notifications.list,account.analytics.summary,transactions.tippers,account.sponsorshipTiers.list?batch=1&input=%7B%7D:0
[ 3918122ms] [ERROR] Failed to load resource: the server responded with a status of 401 (Unauthorized) @ http://localhost:3000/trpc/account.gatedContent.list,transactions.tippers?batch=1&input=%7B%7D:0
[ 3920138ms] [ERROR] Failed to load resource: the server responded with a status of 401 (Unauthorized) @ http://localhost:3000/trpc/account.notifications.list,account.analytics.summary,transactions.tippers,account.sponsorshipTiers.list?batch=1&input=%7B%7D:0
[ 3920140ms] [ERROR] Failed to load resource: the server responded with a status of 401 (Unauthorized) @ http://localhost:3000/trpc/account.gatedContent.list,transactions.tippers?batch=1&input=%7B%7D:0
[ 4408197ms] [ERROR] Failed to load resource: the server responded with a status of 401 (Unauthorized) @ http://localhost:3000/trpc/account.notifications.list,account.analytics.summary,transactions.tippers,account.sponsorshipTiers.list?batch=1&input=%7B%7D:0
[ 4408211ms] [ERROR] Failed to load resource: the server responded with a status of 401 (Unauthorized) @ http://localhost:3000/trpc/account.gatedContent.list,transactions.tippers?batch=1&input=%7B%7D:0
[ 4411677ms] [ERROR] Failed to load resource: the server responded with a status of 401 (Unauthorized) @ http://localhost:3000/trpc/transactions.tippers,account.notifications.list,account.analytics.summary,transactions.tippers,account.sponsorshipTiers.list,account.gatedContent.list?batch=1&input=%7B%7D:0
[ 4412687ms] [ERROR] Failed to load resource: the server responded with a status of 401 (Unauthorized) @ http://localhost:3000/trpc/transactions.tippers,account.notifications.list,account.analytics.summary,transactions.tippers?batch=1&input=%7B%7D:0
[ 4412688ms] [ERROR] Failed to load resource: the server responded with a status of 401 (Unauthorized) @ http://localhost:3000/trpc/account.sponsorshipTiers.list,account.gatedContent.list?batch=1&input=%7B%7D:0
[ 4414704ms] [ERROR] Failed to load resource: the server responded with a status of 401 (Unauthorized) @ http://localhost:3000/trpc/transactions.tippers,account.notifications.list,account.analytics.summary,transactions.tippers?batch=1&input=%7B%7D:0
[ 4414707ms] [ERROR] Failed to load resource: the server responded with a status of 401 (Unauthorized) @ http://localhost:3000/trpc/account.sponsorshipTiers.list,account.gatedContent.list?batch=1&input=%7B%7D:0
[ 4418721ms] [ERROR] Failed to load resource: the server responded with a status of 401 (Unauthorized) @ http://localhost:3000/trpc/transactions.tippers,account.notifications.list,account.analytics.summary,transactions.tippers?batch=1&input=%7B%7D:0
[ 4418742ms] [ERROR] Failed to load resource: the server responded with a status of 401 (Unauthorized) @ http://localhost:3000/trpc/account.sponsorshipTiers.list,account.gatedContent.list?batch=1&input=%7B%7D:0
[ 8650820ms] [ERROR] Failed to load resource: the server responded with a status of 401 (Unauthorized) @ http://localhost:3000/trpc/transactions.tippers,account.notifications.list,account.analytics.summary,transactions.tippers,account.sponsorshipTiers.list,account.gatedContent.list?batch=1&input=%7B%7D:0
[ 8651833ms] [ERROR] Failed to load resource: the server responded with a status of 401 (Unauthorized) @ http://localhost:3000/trpc/transactions.tippers,account.notifications.list,account.analytics.summary,transactions.tippers?batch=1&input=%7B%7D:0
[ 8651834ms] [ERROR] Failed to load resource: the server responded with a status of 401 (Unauthorized) @ http://localhost:3000/trpc/account.sponsorshipTiers.list,account.gatedContent.list?batch=1&input=%7B%7D:0
[ 8653846ms] [ERROR] Failed to load resource: the server responded with a status of 401 (Unauthorized) @ http://localhost:3000/trpc/transactions.tippers,account.notifications.list,account.analytics.summary,transactions.tippers?batch=1&input=%7B%7D:0
[ 8653848ms] [ERROR] Failed to load resource: the server responded with a status of 401 (Unauthorized) @ http://localhost:3000/trpc/account.sponsorshipTiers.list,account.gatedContent.list?batch=1&input=%7B%7D:0
[ 9680394ms] [ERROR] Failed to load resource: the server responded with a status of 401 (Unauthorized) @ http://localhost:3000/trpc/transactions.tippers,account.notifications.list,account.analytics.summary,transactions.tippers?batch=1&input=%7B%7D:0
[ 9680405ms] [ERROR] Failed to load resource: the server responded with a status of 401 (Unauthorized) @ http://localhost:3000/trpc/account.sponsorshipTiers.list,account.gatedContent.list?batch=1&input=%7B%7D:0
[12420839ms] [ERROR] Failed to load resource: the server responded with a status of 401 (Unauthorized) @ http://localhost:3000/trpc/transactions.tippers,account.notifications.list,account.analytics.summary,transactions.tippers,account.sponsorshipTiers.list,account.gatedContent.list?batch=1&input=%7B%7D:0
[12421853ms] [ERROR] Failed to load resource: the server responded with a status of 401 (Unauthorized) @ http://localhost:3000/trpc/transactions.tippers,account.notifications.list,account.analytics.summary,transactions.tippers?batch=1&input=%7B%7D:0
[12421854ms] [ERROR] Failed to load resource: the server responded with a status of 401 (Unauthorized) @ http://localhost:3000/trpc/account.sponsorshipTiers.list,account.gatedContent.list?batch=1&input=%7B%7D:0
[12423864ms] [ERROR] Failed to load resource: the server responded with a status of 401 (Unauthorized) @ http://localhost:3000/trpc/transactions.tippers,account.notifications.list,account.analytics.summary,transactions.tippers?batch=1&input=%7B%7D:0
[12423865ms] [ERROR] Failed to load resource: the server responded with a status of 401 (Unauthorized) @ http://localhost:3000/trpc/account.sponsorshipTiers.list,account.gatedContent.list?batch=1&input=%7B%7D:0
[12427872ms] [ERROR] Failed to load resource: the server responded with a status of 401 (Unauthorized) @ http://localhost:3000/trpc/transactions.tippers,account.notifications.list,account.analytics.summary,transactions.tippers?batch=1&input=%7B%7D:0
[12427883ms] [ERROR] Failed to load resource: the server responded with a status of 401 (Unauthorized) @ http://localhost:3000/trpc/account.sponsorshipTiers.list,account.gatedContent.list?batch=1&input=%7B%7D:0
[18783090ms] [ERROR] Failed to load resource: the server responded with a status of 401 (Unauthorized) @ http://localhost:3000/trpc/transactions.tippers,account.notifications.list,account.analytics.summary,transactions.tippers,account.sponsorshipTiers.list,account.gatedContent.list?batch=1&input=%7B%7D:0
[18784102ms] [ERROR] Failed to load resource: the server responded with a status of 401 (Unauthorized) @ http://localhost:3000/trpc/transactions.tippers,account.notifications.list,account.analytics.summary,transactions.tippers?batch=1&input=%7B%7D:0
[18784102ms] [ERROR] Failed to load resource: the server responded with a status of 401 (Unauthorized) @ http://localhost:3000/trpc/account.sponsorshipTiers.list,account.gatedContent.list?batch=1&input=%7B%7D:0
[18786111ms] [ERROR] Failed to load resource: the server responded with a status of 401 (Unauthorized) @ http://localhost:3000/trpc/transactions.tippers,account.notifications.list,account.analytics.summary,transactions.tippers?batch=1&input=%7B%7D:0
[18786113ms] [ERROR] Failed to load resource: the server responded with a status of 401 (Unauthorized) @ http://localhost:3000/trpc/account.sponsorshipTiers.list,account.gatedContent.list?batch=1&input=%7B%7D:0
[18790142ms] [ERROR] Failed to load resource: the server responded with a status of 401 (Unauthorized) @ http://localhost:3000/trpc/transactions.tippers,account.notifications.list,account.analytics.summary,transactions.tippers?batch=1&input=%7B%7D:0
[18790148ms] [ERROR] Failed to load resource: the server responded with a status of 401 (Unauthorized) @ http://localhost:3000/trpc/account.sponsorshipTiers.list,account.gatedContent.list?batch=1&input=%7B%7D:0
[25163809ms] [ERROR] Failed to load resource: the server responded with a status of 401 (Unauthorized) @ http://localhost:3000/trpc/transactions.tippers,account.notifications.list,account.analytics.summary,transactions.tippers,account.sponsorshipTiers.list,account.gatedContent.list?batch=1&input=%7B%7D:0
[25164822ms] [ERROR] Failed to load resource: the server responded with a status of 401 (Unauthorized) @ http://localhost:3000/trpc/transactions.tippers,account.notifications.list,account.analytics.summary,transactions.tippers?batch=1&input=%7B%7D:0
[25164823ms] [ERROR] Failed to load resource: the server responded with a status of 401 (Unauthorized) @ http://localhost:3000/trpc/account.sponsorshipTiers.list,account.gatedContent.list?batch=1&input=%7B%7D:0
[25166828ms] [ERROR] Failed to load resource: the server responded with a status of 401 (Unauthorized) @ http://localhost:3000/trpc/transactions.tippers,account.notifications.list,account.analytics.summary,transactions.tippers?batch=1&input=%7B%7D:0
[25166830ms] [ERROR] Failed to load resource: the server responded with a status of 401 (Unauthorized) @ http://localhost:3000/trpc/account.sponsorshipTiers.list,account.gatedContent.list?batch=1&input=%7B%7D:0
[25170833ms] [ERROR] Failed to load resource: the server responded with a status of 401 (Unauthorized) @ http://localhost:3000/trpc/transactions.tippers,account.notifications.list,account.analytics.summary,transactions.tippers?batch=1&input=%7B%7D:0
[25170848ms] [ERROR] Failed to load resource: the server responded with a status of 401 (Unauthorized) @ http://localhost:3000/trpc/account.sponsorshipTiers.list,account.gatedContent.list?batch=1&input=%7B%7D:0
[28293729ms] [LOG] [vite] server connection lost. Polling for restart... @ http://localhost:5173/@vite/client:963
[28294161ms] [ERROR] Failed to load resource: net::ERR_INTERNET_DISCONNECTED @ https://cloud.umami.is/script.js:0
[28294167ms] [ERROR] Failed to load resource: net::ERR_INTERNET_DISCONNECTED @ https://www.googletagmanager.com/gtag/js?id=G-77T5G9L8N7:0
[28294202ms] [INFO] %cDownload the React DevTools for a better development experience: https://react.dev/link/react-devtools font-weight:bold @ http://localhost:5173/node_modules/.vite/deps/react-dom_client.js?v=8fd2e094:20102
[28294219ms] [WARNING] Module "buffer" has been externalized for browser compatibility. Cannot access "buffer.Buffer" in client code. See https://vite.dev/guide/troubleshooting.html#module-externalized-for-browser-compatibility for more details. @ http://localhost:5173/node_modules/.vite/deps/chunk-M5ITTEFL.js?v=8fd2e094:13
[28294230ms] [WARNING] Module "buffer" has been externalized for browser compatibility. Cannot access "buffer.Buffer" in client code. See https://vite.dev/guide/troubleshooting.html#module-externalized-for-browser-compatibility for more details. @ http://localhost:5173/node_modules/.vite/deps/chunk-M5ITTEFL.js?v=8fd2e094:13
[28294243ms] [WARNING] Lit is in dev mode. Not recommended for production! See https://lit.dev/msg/dev-mode for more information. @ http://localhost:5173/node_modules/.vite/deps/chunk-3B7LI3Q6.js?v=8fd2e094:22
[28294266ms] [LOG] %c[Vercel Web Analytics]%c Debug mode is enabled by default in development. No requests will be sent to the server. color: rgb(120, 120, 120) color: inherit @ https://va.vercel-scripts.com/v1/script.debug.js:0
[28294266ms] [LOG] %c[Vercel Web Analytics]%c [view] http://localhost:5173/app color: rgb(120, 120, 120) color: inherit {o: http://localhost:5173/app, sv: 0.1.3, sdkn: @vercel/analytics/react, sdkv: 1.6.1, ts: 1788506772587} /_vercel/insights/view @ https://va.vercel-scripts.com/v1/script.debug.js:0
[28294366ms] [ERROR] In HTML, %s cannot be a descendant of <%s>.
This will cause a hydration error.%s <button> button 

  ...
    <MatchImpl matchId="/app//app/">
      <SafeFragment>
        <SafeFragment fallback={null}>
          <SafeFragment getResetKey={function getResetKey} errorComponent={function ErrorComponent} ...>
            <SafeFragment fallback={function fallback}>
              <MatchInnerImpl matchId="/app//app/">
                <Lazy>
                  <IndexDashboardPage>
                    <DefaultDashboard title="Welcome, t...">
                      <div className="min-h-dvh ...">
                        <AppRail>
                        <div className="min-w-0 fl...">
                          <DashboardHeader>
                          <main className="mx-auto w-...">
                            <div className="mx-auto mb...">
                              <WorkspaceNotice>
                              <ModalLayout title="Add a wall..." trigger={<Button>}>
>                               <button type="button" className="contents" onClick={function onClick}>
                                  <Button type="button">
>                                   <button
>                                     data-slot="button"
>                                     data-variant="default"
>                                     data-size="default"
>                                     className={"group/button inline-flex cursor-pointer items-center justify-center..."}
>                                     type="button"
>                                   >
                                ...
                            ...
                        ...
 @ http://localhost:5173/node_modules/.vite/deps/react-dom_client.js?v=8fd2e094:2155
[28294366ms] [ERROR] <%s> cannot contain a nested %s.
See this log for the ancestor stack trace. button <button> @ http://localhost:5173/node_modules/.vite/deps/react-dom_client.js?v=8fd2e094:2162
[28294494ms] [ERROR] Failed to load resource: the server responded with a status of 401 (Unauthorized) @ http://localhost:3000/trpc/account.notifications.list,account.analytics.summary,transactions.tippers,account.sponsorshipTiers.list,account.gatedContent.list,transactions.list,transactions.tippers,transactions.list?batch=1&input=%7B%7D:0
[28294495ms] [ERROR] Error fetching transactions: TRPCClientError: Unauthorized
    at TRPCClientError2.from (http://localhost:5173/node_modules/.vite/deps/@trpc_client.js?v=8fd2e094:2057:44)
    at http://localhost:5173/node_modules/.vite/deps/@trpc_client.js?v=8fd2e094:2454:44 @ http://localhost:5173/src/components/tables/transactionTable.tsx:58
[28294495ms] [ERROR] Error fetching transactions: TRPCClientError: Unauthorized
    at TRPCClientError2.from (http://localhost:5173/node_modules/.vite/deps/@trpc_client.js?v=8fd2e094:2057:44)
    at http://localhost:5173/node_modules/.vite/deps/@trpc_client.js?v=8fd2e094:2454:44 @ http://localhost:5173/src/components/tables/transactionTable.tsx:58
[28295511ms] [ERROR] Failed to load resource: the server responded with a status of 401 (Unauthorized) @ http://localhost:3000/trpc/account.notifications.list,account.analytics.summary,transactions.tippers,account.sponsorshipTiers.list?batch=1&input=%7B%7D:0
[28295513ms] [ERROR] Failed to load resource: the server responded with a status of 401 (Unauthorized) @ http://localhost:3000/trpc/account.gatedContent.list,transactions.tippers?batch=1&input=%7B%7D:0
[28297525ms] [ERROR] Failed to load resource: the server responded with a status of 401 (Unauthorized) @ http://localhost:3000/trpc/account.notifications.list,account.analytics.summary,transactions.tippers,account.sponsorshipTiers.list?batch=1&input=%7B%7D:0
[28297527ms] [ERROR] Failed to load resource: the server responded with a status of 401 (Unauthorized) @ http://localhost:3000/trpc/account.gatedContent.list,transactions.tippers?batch=1&input=%7B%7D:0
[28530369ms] [ERROR] Failed to load resource: the server responded with a status of 401 (Unauthorized) @ http://localhost:3000/trpc/account.notifications.list,account.analytics.summary,transactions.tippers,account.sponsorshipTiers.list?batch=1&input=%7B%7D:0
[28530370ms] [ERROR] Failed to load resource: the server responded with a status of 401 (Unauthorized) @ http://localhost:3000/trpc/account.gatedContent.list,transactions.tippers?batch=1&input=%7B%7D:0
[28663942ms] [LOG] [vite] server connection lost. Polling for restart... @ http://localhost:5173/@vite/client:963
[28664242ms] [ERROR] Failed to load resource: net::ERR_INTERNET_DISCONNECTED @ https://cloud.umami.is/script.js:0
[28664247ms] [ERROR] Failed to load resource: net::ERR_INTERNET_DISCONNECTED @ https://www.googletagmanager.com/gtag/js?id=G-77T5G9L8N7:0
[28664298ms] [INFO] %cDownload the React DevTools for a better development experience: https://react.dev/link/react-devtools font-weight:bold @ http://localhost:5173/node_modules/.vite/deps/react-dom_client.js?v=8fd2e094:20102
[28664326ms] [WARNING] Module "buffer" has been externalized for browser compatibility. Cannot access "buffer.Buffer" in client code. See https://vite.dev/guide/troubleshooting.html#module-externalized-for-browser-compatibility for more details. @ http://localhost:5173/node_modules/.vite/deps/chunk-M5ITTEFL.js?v=8fd2e094:13
[28664337ms] [WARNING] Module "buffer" has been externalized for browser compatibility. Cannot access "buffer.Buffer" in client code. See https://vite.dev/guide/troubleshooting.html#module-externalized-for-browser-compatibility for more details. @ http://localhost:5173/node_modules/.vite/deps/chunk-M5ITTEFL.js?v=8fd2e094:13
[28664349ms] [WARNING] Lit is in dev mode. Not recommended for production! See https://lit.dev/msg/dev-mode for more information. @ http://localhost:5173/node_modules/.vite/deps/chunk-3B7LI3Q6.js?v=8fd2e094:22
[28664367ms] [LOG] %c[Vercel Web Analytics]%c Debug mode is enabled by default in development. No requests will be sent to the server. color: rgb(120, 120, 120) color: inherit @ https://va.vercel-scripts.com/v1/script.debug.js:0
[28664367ms] [LOG] %c[Vercel Web Analytics]%c [view] http://localhost:5173/app color: rgb(120, 120, 120) color: inherit {o: http://localhost:5173/app, sv: 0.1.3, sdkn: @vercel/analytics/react, sdkv: 1.6.1, ts: 1788507142688} /_vercel/insights/view @ https://va.vercel-scripts.com/v1/script.debug.js:0
[28664485ms] [ERROR] In HTML, %s cannot be a descendant of <%s>.
This will cause a hydration error.%s <button> button 

  ...
    <MatchImpl matchId="/app//app/">
      <SafeFragment>
        <SafeFragment fallback={null}>
          <SafeFragment getResetKey={function getResetKey} errorComponent={function ErrorComponent} ...>
            <SafeFragment fallback={function fallback}>
              <MatchInnerImpl matchId="/app//app/">
                <Lazy>
                  <IndexDashboardPage>
                    <DefaultDashboard title="Welcome, t...">
                      <div className="min-h-dvh ...">
                        <AppRail>
                        <div className="min-w-0 fl...">
                          <DashboardHeader>
                          <main className="mx-auto w-...">
                            <div className="mx-auto mb...">
                              <WorkspaceNotice>
                              <ModalLayout title="Add a wall..." trigger={<Button>}>
>                               <button type="button" className="contents" onClick={function onClick}>
                                  <Button type="button">
>                                   <button
>                                     data-slot="button"
>                                     data-variant="default"
>                                     data-size="default"
>                                     className={"group/button inline-flex cursor-pointer items-center justify-center..."}
>                                     type="button"
>                                   >
                                ...
                            ...
                        ...
 @ http://localhost:5173/node_modules/.vite/deps/react-dom_client.js?v=8fd2e094:2155
[28664485ms] [ERROR] <%s> cannot contain a nested %s.
See this log for the ancestor stack trace. button <button> @ http://localhost:5173/node_modules/.vite/deps/react-dom_client.js?v=8fd2e094:2162
[28664679ms] [ERROR] Failed to load resource: the server responded with a status of 401 (Unauthorized) @ http://localhost:3000/trpc/account.notifications.list,account.analytics.summary,transactions.tippers,account.sponsorshipTiers.list,account.gatedContent.list,transactions.list,transactions.tippers,transactions.list?batch=1&input=%7B%7D:0
[28664680ms] [ERROR] Error fetching transactions: TRPCClientError: Unauthorized
    at TRPCClientError2.from (http://localhost:5173/node_modules/.vite/deps/@trpc_client.js?v=8fd2e094:2057:44)
    at http://localhost:5173/node_modules/.vite/deps/@trpc_client.js?v=8fd2e094:2454:44 @ http://localhost:5173/src/components/tables/transactionTable.tsx:58
[28664680ms] [ERROR] Error fetching transactions: TRPCClientError: Unauthorized
    at TRPCClientError2.from (http://localhost:5173/node_modules/.vite/deps/@trpc_client.js?v=8fd2e094:2057:44)
    at http://localhost:5173/node_modules/.vite/deps/@trpc_client.js?v=8fd2e094:2454:44 @ http://localhost:5173/src/components/tables/transactionTable.tsx:58
[28665686ms] [ERROR] Failed to load resource: the server responded with a status of 401 (Unauthorized) @ http://localhost:3000/trpc/account.notifications.list,account.analytics.summary,transactions.tippers,account.sponsorshipTiers.list?batch=1&input=%7B%7D:0
[28665689ms] [ERROR] Failed to load resource: the server responded with a status of 401 (Unauthorized) @ http://localhost:3000/trpc/account.gatedContent.list,transactions.tippers?batch=1&input=%7B%7D:0
[28667693ms] [ERROR] Failed to load resource: the server responded with a status of 401 (Unauthorized) @ http://localhost:3000/trpc/account.notifications.list,account.analytics.summary,transactions.tippers,account.sponsorshipTiers.list?batch=1&input=%7B%7D:0
[28667694ms] [ERROR] Failed to load resource: the server responded with a status of 401 (Unauthorized) @ http://localhost:3000/trpc/account.gatedContent.list,transactions.tippers?batch=1&input=%7B%7D:0
[28774726ms] [ERROR] Failed to load resource: the server responded with a status of 401 (Unauthorized) @ http://localhost:3000/trpc/account.notifications.list,account.analytics.summary,transactions.tippers,account.sponsorshipTiers.list?batch=1&input=%7B%7D:0
[28774729ms] [ERROR] Failed to load resource: the server responded with a status of 401 (Unauthorized) @ http://localhost:3000/trpc/account.gatedContent.list,transactions.tippers?batch=1&input=%7B%7D:0
